102.0.0.0/8 via 2.2.2.254 
103.0.0.0/8 via 3.3.3.254 
104.0.0.0/8 via 4.4.4.254 
105.0.0.0/8 via 5.5.5.254 
106.0.0.0/8 via 6.6.6.254 
107.0.0.0/8 via 7.7.7.254 
1.1.0.0/16 proto kernel scope link src 1.1.1.1 
2.2.0.0/16 proto kernel scope link src 2.2.2.2 
3.3.0.0/16 proto kernel scope link src 3.3.3.3 
4.4.4.0/24 proto kernel scope link src 4.4.4.4 
5.5.5.0/24 proto kernel scope link src 5.5.5.5 
6.6.0.0/16 proto kernel scope link src 6.6.6.6 
7.7.0.0/16 proto kernel scope link src 7.7.7.7 
