101.0.0.0/8 via 1.1.1.254 
102.0.0.0/8 via 2.2.2.254 
103.0.0.0/8 via 3.3.3.254 
104.0.0.0/8 via 4.4.4.254 
1.1.0.0/16 proto kernel scope link src 1.1.1.100 
2.2.2.0/24 proto kernel scope link src 2.2.2.2 
3.3.0.0/16 proto kernel scope link src 3.3.3.100 
4.4.4.0/24 proto kernel scope link src 4.4.4.100 
